../Core/Src/main.c:122:5:main	416	dynamic
../Core/Src/main.c:468:6:SystemClock_Config	88	static
../Core/Src/main.c:513:13:MX_ADC1_Init	24	static
../Core/Src/main.c:562:13:MX_CRC_Init	8	static
../Core/Src/main.c:586:13:MX_DAC_Init	16	static
../Core/Src/main.c:623:13:MX_DMA2D_Init	8	static
../Core/Src/main.c:657:13:MX_I2C3_Init	8	static
../Core/Src/main.c:702:13:MX_LTDC_Init	112	static
../Core/Src/main.c:780:13:MX_RNG_Init	8	static
../Core/Src/main.c:804:13:MX_RTC_Init	32	static
../Core/Src/main.c:863:13:MX_SPI5_Init	8	static
../Core/Src/main.c:899:13:MX_TIM1_Init	80	static
../Core/Src/main.c:958:13:MX_FMC_Init	40	static
../Core/Src/main.c:1007:13:MX_GPIO_Init	64	static
../Core/Src/main.c:1037:6:HAL_GPIO_EXTI_Callback	24	static
../Core/Src/main.c:1056:6:Error_Handler	4	static,ignoring_inline_asm
