../Core/Src/stm32f4xx_hal_msp.c:66:6:HAL_MspInit	16	static
../Core/Src/stm32f4xx_hal_msp.c:89:6:HAL_ADC_MspInit	48	static
../Core/Src/stm32f4xx_hal_msp.c:123:6:HAL_ADC_MspDeInit	16	static
../Core/Src/stm32f4xx_hal_msp.c:151:6:HAL_CRC_MspInit	24	static
../Core/Src/stm32f4xx_hal_msp.c:174:6:HAL_CRC_MspDeInit	16	static
../Core/Src/stm32f4xx_hal_msp.c:196:6:HAL_DAC_MspInit	48	static
../Core/Src/stm32f4xx_hal_msp.c:230:6:HAL_DAC_MspDeInit	16	static
../Core/Src/stm32f4xx_hal_msp.c:258:6:HAL_DMA2D_MspInit	24	static
../Core/Src/stm32f4xx_hal_msp.c:281:6:HAL_DMA2D_MspDeInit	16	static
../Core/Src/stm32f4xx_hal_msp.c:303:6:HAL_I2C_MspInit	48	static
../Core/Src/stm32f4xx_hal_msp.c:348:6:HAL_I2C_MspDeInit	16	static
../Core/Src/stm32f4xx_hal_msp.c:379:6:HAL_LTDC_MspInit	112	static
../Core/Src/stm32f4xx_hal_msp.c:507:6:HAL_LTDC_MspDeInit	16	static
../Core/Src/stm32f4xx_hal_msp.c:571:6:HAL_RNG_MspInit	24	static
../Core/Src/stm32f4xx_hal_msp.c:594:6:HAL_RNG_MspDeInit	16	static
../Core/Src/stm32f4xx_hal_msp.c:616:6:HAL_RTC_MspInit	64	static
../Core/Src/stm32f4xx_hal_msp.c:650:6:HAL_RTC_MspDeInit	16	static
../Core/Src/stm32f4xx_hal_msp.c:672:6:HAL_SPI_MspInit	48	static
../Core/Src/stm32f4xx_hal_msp.c:710:6:HAL_SPI_MspDeInit	16	static
../Core/Src/stm32f4xx_hal_msp.c:740:6:HAL_TIM_PWM_MspInit	24	static
../Core/Src/stm32f4xx_hal_msp.c:757:6:HAL_TIM_MspPostInit	40	static
../Core/Src/stm32f4xx_hal_msp.c:789:6:HAL_TIM_PWM_MspDeInit	16	static
../Core/Src/stm32f4xx_hal_msp.c:807:13:HAL_FMC_MspInit	32	static
../Core/Src/stm32f4xx_hal_msp.c:913:6:HAL_SDRAM_MspInit	16	static
../Core/Src/stm32f4xx_hal_msp.c:925:13:HAL_FMC_MspDeInit	8	static
../Core/Src/stm32f4xx_hal_msp.c:999:6:HAL_SDRAM_MspDeInit	16	static
